2026-10-06 21:45:02,658 INFO    superlig.build: === Süper Lig veri hattı başladı (2026-10-06T21:45:02.658488+00:00) ===
2026-10-06 21:45:02,671 INFO    superlig.footballdata: football-data.co.uk 2016-17 indirildi
2026-10-06 21:45:02,681 INFO    superlig.footballdata: football-data.co.uk 2017-18 indirildi
2026-10-06 21:45:02,687 INFO    superlig.footballdata: football-data.co.uk 2018-19 indirildi
2026-10-06 21:45:02,699 INFO    superlig.footballdata: football-data.co.uk 2019-20 indirildi
2026-10-06 21:45:02,709 INFO    superlig.footballdata: football-data.co.uk 2020-21 indirildi
2026-10-06 21:45:02,718 INFO    superlig.footballdata: football-data.co.uk 2021-22 indirildi
2026-10-06 21:45:02,821 INFO    superlig.footballdata: football-data.co.uk 2022-23 indirildi
2026-10-06 21:45:02,831 INFO    superlig.footballdata: football-data.co.uk 2023-24 indirildi
2026-10-06 21:45:02,841 INFO    superlig.footballdata: football-data.co.uk 2024-25 indirildi
2026-10-06 21:45:02,852 INFO    superlig.footballdata: football-data.co.uk 2025-26 indirildi
2026-10-06 21:48:17,435 WARNING superlig.net: İstek başarısız [openfootball] https://raw.githubusercontent.com/openfootball/europe/0bf83f88e8feb22904c5f9d93c6407574c1347e0/turkey/2016-17_tr1.txt -> HTTP 404
2026-10-06 21:48:17,435 INFO    superlig.openfootball: openfootball'da 2016-17 sezonu yok
2026-10-06 21:48:18,322 WARNING superlig.net: İstek başarısız [openfootball] https://raw.githubusercontent.com/openfootball/europe/0bf83f88e8feb22904c5f9d93c6407574c1347e0/turkey/2017-18_tr1.txt -> HTTP 404
2026-10-06 21:48:18,322 INFO    superlig.openfootball: openfootball'da 2017-18 sezonu yok
2026-10-06 21:48:19,326 WARNING superlig.net: İstek başarısız [openfootball] https://raw.githubusercontent.com/openfootball/europe/0bf83f88e8feb22904c5f9d93c6407574c1347e0/turkey/2021-22_tr1.txt -> HTTP 404
2026-10-06 21:48:19,326 INFO    superlig.openfootball: openfootball'da 2021-22 sezonu yok
2026-10-06 21:48:20,348 WARNING superlig.net: İstek başarısız [openfootball] https://raw.githubusercontent.com/openfootball/europe/0bf83f88e8feb22904c5f9d93c6407574c1347e0/turkey/2022-23_tr1.txt -> HTTP 404
2026-10-06 21:48:20,348 INFO    superlig.openfootball: openfootball'da 2022-23 sezonu yok
2026-10-06 21:48:20,872 INFO    superlig.build: football-data: 3394 maç
2026-10-06 21:48:20,911 INFO    superlig.build: sofascore: 3363 maç
2026-10-06 21:48:20,927 INFO    superlig.build: openfootball: 2060 maç
2026-10-06 21:48:20,952 INFO    superlig.build: transfermarkt: 3353 maç
2026-10-06 21:48:25,365 INFO    superlig.wikipedia: Wikipedia 2017-18 sayfasında seyirci/kapasite tablosu bulunamadı
2026-10-06 21:48:25,606 INFO    superlig.wikipedia: Wikipedia 2020-21 sayfasında seyirci/kapasite tablosu bulunamadı
